The files from 1 to 6 are all on another computer which is under repair right now,
will upload when I have it back